// Jest Snapshot v1, https://goo.gl/fbAQLP

exports[`Prueba en <GifItem/> Debe de hacer match con el snapshot 1`] = `
<div>
  <div
    class="card"
  >
    <img
      alt="Andresito"
      src="https://testing.com/prueba.jpg"
    />
    <p>
      Andresito
    </p>
  </div>
</div>
`;
